#-----------------------------------------------------------
# Vivado v2022.1 (64-bit)
# SW Build 3526262 on Mon Apr 18 15:47:01 MDT 2022
# IP Build 3524634 on Mon Apr 18 20:55:01 MDT 2022
# Start of session at: Wed May 20 00:24:36 2026
# Process ID: 200870
# Current directory: /home/xao/Desktop/prj/pynq_vqvae
# Command line: vivado
# Log file: /home/xao/Desktop/prj/pynq_vqvae/vivado.log
# Journal file: /home/xao/Desktop/prj/pynq_vqvae/vivado.jou
# Running On: xao-Precision-3640-Tower, OS: Linux, CPU Frequency: 3700.000 MHz, CPU Physical cores: 10, Host memory: 67118 MB
#-----------------------------------------------------------
start_gui
WARNING: [Board 49-26] cannot add Board Part xilinx.com:vpk120_es:part0:1.2 available at /home/xao/Desktop/soft/Vivado/2022.1/data/xhub/boards/XilinxBoardStore/boards/Xilinx/vpk120/es/1.2/board.xml as part xcvp1202-vsva2785-2mp-e-s-es1 specified in board_part file is either invalid or not available
WARNING: [Board 49-26] cannot add Board Part xilinx.com:vpk120_es_revb:part0:1.0 available at /home/xao/Desktop/soft/Vivado/2022.1/data/xhub/boards/XilinxBoardStore/boards/Xilinx/vpk120_revb/es/1.0/board.xml as part xcvp1202-vsva2785-2mp-e-s-es1 specified in board_part file is either invalid or not available
WARNING: [Board 49-26] cannot add Board Part xilinx.com:zcu208ld:part0:2.0 available at /home/xao/Desktop/soft/Vivado/2022.1/data/xhub/boards/XilinxBoardStore/boards/Xilinx/zcu208ld/production/2.0/board.xml as part xczu58dr-fsvg1517-2-i specified in board_part file is either invalid or not available
WARNING: [Board 49-26] cannot add Board Part xilinx.com:zcu216ld:part0:2.0 available at /home/xao/Desktop/soft/Vivado/2022.1/data/xhub/boards/XilinxBoardStore/boards/Xilinx/zcu216ld/production/2.0/board.xml as part xczu59dr-ffvf1760-2-i specified in board_part file is either invalid or not available
WARNING: [Board 49-26] cannot add Board Part xilinx.com:zcu670:part0:2.0 available at /home/xao/Desktop/soft/Vivado/2022.1/data/xhub/boards/XilinxBoardStore/boards/Xilinx/zcu670/2.0/board.xml as part xczu67dr-fsve1156-2-i specified in board_part file is either invalid or not available
WARNING: [Board 49-26] cannot add Board Part xilinx.com:zcu670ld:part0:1.0 available at /home/xao/Desktop/soft/Vivado/2022.1/data/xhub/boards/XilinxBoardStore/boards/Xilinx/zcu670ld/1.0/board.xml as part xczu57dr-fsve1156-2-i specified in board_part file is either invalid or not available
open_project /home/xao/Desktop/prj/DPU-PYNQ-master/boards/zcu103/binary_container_1/link/vivado/vpl/prj/prj.xpr
Scanning sources...
Finished scanning sources
INFO: [IP_Flow 19-234] Refreshing IP repositories
INFO: [IP_Flow 19-1700] Loaded user IP repository '/home/xao/Desktop/prj/DPU-PYNQ-master/boards/zcu103/binary_container_1/link/int/xo/ip_repo/xilinx_com_hls_vq_accel_1_0'.
INFO: [IP_Flow 19-1700] Loaded user IP repository '/home/xao/Desktop/prj/DPU-PYNQ-master/boards/zcu103/binary_container_1/link/int/xo/ip_repo/xilinx_com_RTLKernel_DPUCZDX8G_1_0'.
INFO: [IP_Flow 19-1700] Loaded user IP repository '/home/xao/Desktop/prj/DPU-PYNQ-master/boards/zcu103/binary_container_1/link/vivado/vpl/.local/hw_platform/ipcache'.
INFO: [IP_Flow 19-1700] Loaded user IP repository '/home/xao/Desktop/soft/vitis/Vitis/2022.1/data/ip'.
INFO: [IP_Flow 19-2313] Loaded Vivado IP repository '/home/xao/Desktop/soft/Vivado/2022.1/data/ip'.
open_project: Time (s): cpu = 00:00:21 ; elapsed = 00:00:06 . Memory (MB): peak = 7895.969 ; gain = 241.328 ; free physical = 47705 ; free virtual = 61004
update_compile_order -fileset sources_1
open_bd_design {/home/xao/Desktop/prj/DPU-PYNQ-master/boards/zcu103/binary_container_1/link/vivado/vpl/prj/prj.srcs/sources_1/bd/design_1/design_1.bd}
Reading block design file </home/xao/Desktop/prj/DPU-PYNQ-master/boards/zcu103/binary_container_1/link/vivado/vpl/prj/prj.srcs/sources_1/bd/design_1/design_1.bd>...
Adding component instance block -- xilinx.com:ip:axi_intc:4.1 - axi_intc_0
Adding component instance block -- xilinx.com:ip:axi_register_slice:2.1 - axi_register_slice_0
Adding component instance block -- xilinx.com:ip:axi_vip:1.1 - axi_vip_0
Adding component instance block -- xilinx.com:ip:axi_vip:1.1 - axi_vip_1
Adding component instance block -- xilinx.com:ip:clk_wiz:6.0 - clk_wiz_0
Adding component instance block -- xilinx.com:ip:proc_sys_reset:5.0 - proc_sys_reset_0
Adding component instance block -- xilinx.com:ip:proc_sys_reset:5.0 - proc_sys_reset_1
Adding component instance block -- xilinx.com:ip:proc_sys_reset:5.0 - proc_sys_reset_2
Adding component instance block -- xilinx.com:ip:proc_sys_reset:5.0 - proc_sys_reset_3
Adding component instance block -- xilinx.com:ip:proc_sys_reset:5.0 - proc_sys_reset_4
Adding component instance block -- xilinx.com:ip:proc_sys_reset:5.0 - proc_sys_reset_5
Adding component instance block -- xilinx.com:ip:proc_sys_reset:5.0 - proc_sys_reset_6
Adding component instance block -- xilinx.com:ip:zynq_ultra_ps_e:3.4 - ps_e
Adding component instance block -- xilinx.com:ip:axi_interconnect:2.1 - axi_interconnect_hpc0
Adding component instance block -- xilinx.com:ip:axi_crossbar:2.1 - xbar
Adding component instance block -- xilinx.com:ip:axi_interconnect:2.1 - interconnect_axifull
Adding component instance block -- xilinx.com:ip:axi_crossbar:2.1 - xbar
Adding component instance block -- xilinx.com:ip:axi_dwidth_converter:2.1 - auto_us
Adding component instance block -- xilinx.com:ip:axi_interconnect:2.1 - interconnect_axihpm0fpd
Adding component instance block -- xilinx.com:ip:axi_interconnect:2.1 - interconnect_axilite
Adding component instance block -- xilinx.com:ip:axi_crossbar:2.1 - xbar
Adding component instance block -- xilinx.com:ip:axi_protocol_converter:2.1 - auto_pc
Adding component instance block -- xilinx.com:ip:axi_register_slice:2.1 - m01_regslice
Adding component instance block -- xilinx.com:ip:axi_clock_converter:2.1 - auto_cc
Adding component instance block -- xilinx.com:ip:axi_register_slice:2.1 - m02_regslice
Adding component instance block -- xilinx.com:ip:axi_clock_converter:2.1 - auto_cc
Adding component instance block -- xilinx.com:RTLKernel:DPUCZDX8G:1.0 - DPUCZDX8G_1
Adding component instance block -- xilinx.com:hls:vq_accel:1.0 - vq_accel_1
Adding component instance block -- xilinx.com:ip:axi_interconnect:2.1 - axi_ic_ps_e_S_AXI_HPC1_FPD
Adding component instance block -- xilinx.com:ip:axi_interconnect:2.1 - axi_ic_ps_e_S_AXI_HP0_FPD
Adding component instance block -- xilinx.com:ip:axi_clock_converter:2.1 - auto_cc
Adding component instance block -- xilinx.com:ip:axi_dwidth_converter:2.1 - auto_ds
Adding component instance block -- xilinx.com:ip:axi_interconnect:2.1 - axi_ic_ps_e_S_AXI_HP1_FPD
Adding component instance block -- xilinx.com:ip:axi_clock_converter:2.1 - auto_cc
Adding component instance block -- xilinx.com:ip:axi_dwidth_converter:2.1 - auto_ds
Adding component instance block -- xilinx.com:ip:axi_interconnect:2.1 - axi_ic_ps_e_S_AXI_HP2_FPD
Adding component instance block -- xilinx.com:ip:axi_clock_converter:2.1 - auto_cc
Adding component instance block -- xilinx.com:ip:axi_dwidth_converter:2.1 - auto_ds
Adding component instance block -- xilinx.com:ip:xlconcat:2.1 - axi_intc_0_intr_1_interrupt_concat
Adding component instance block -- xilinx.com:ip:xlconstant:1.1 - irq_const_tieoff
Adding component instance block -- xilinx.com:ip:xlconstant:1.1 - axcache_0xe
Adding component instance block -- xilinx.com:ip:xlconstant:1.1 - axprot_0x2
Adding component instance block -- xilinx.com:ip:clk_wiz:6.0 - clk_wiz
Adding component instance block -- xilinx.com:ip:proc_sys_reset:5.0 - rst_clk_wiz_125M
Excluding slave segment /ps_e/SAXIGP2/HP0_LPS_OCM from address space /vq_accel_1/Data_m_axi_gmem0.
Excluding slave segment /ps_e/SAXIGP3/HP1_LPS_OCM from address space /vq_accel_1/Data_m_axi_gmem1.
Excluding slave segment /ps_e/SAXIGP4/HP2_LPS_OCM from address space /vq_accel_1/Data_m_axi_gmem2.
Successfully read diagram <design_1> from block design file </home/xao/Desktop/prj/DPU-PYNQ-master/boards/zcu103/binary_container_1/link/vivado/vpl/prj/prj.srcs/sources_1/bd/design_1/design_1.bd>
open_bd_design {/home/xao/Desktop/prj/DPU-PYNQ-master/boards/zcu103/binary_container_1/link/vivado/vpl/prj/prj.srcs/sources_1/bd/design_1/design_1.bd}
write_bd_layout -format pdf -orientation portrait /home/xao/Desktop/design_1.pdf
/home/xao/Desktop/design_1.pdf
exit
INFO: [Common 17-206] Exiting Vivado at Wed May 20 17:46:01 2026...
